[2026-09-17T12:30:04.990+0000] {local_task_job_runner.py:120} INFO - ::group::Pre task execution logs
[2026-09-17T12:30:05.050+0000] {taskinstance.py:2076} INFO - Dependencies all met for dep_context=non-requeueable deps ti=<TaskInstance: flights_ops_medallion_pipe.bronze_ingest scheduled__2026-09-17T12:00:00+00:00 [queued]>
[2026-09-17T12:30:05.060+0000] {taskinstance.py:2076} INFO - Dependencies all met for dep_context=requeueable deps ti=<TaskInstance: flights_ops_medallion_pipe.bronze_ingest scheduled__2026-09-17T12:00:00+00:00 [queued]>
[2026-09-17T12:30:05.061+0000] {taskinstance.py:2306} INFO - Starting attempt 1 of 1
[2026-09-17T12:30:05.076+0000] {taskinstance.py:2330} INFO - Executing <Task(PythonOperator): bronze_ingest> on 2026-09-17 12:00:00+00:00
[2026-09-17T12:30:05.086+0000] {standard_task_runner.py:64} INFO - Started process 371 to run task
[2026-09-17T12:30:05.096+0000] {standard_task_runner.py:90} INFO - Running: ['airflow', 'tasks', 'run', 'flights_ops_medallion_pipe', 'bronze_ingest', 'scheduled__2026-09-17T12:00:00+00:00', '--job-id', '5', '--raw', '--subdir', 'DAGS_FOLDER/flight-pipeline.py', '--cfg-path', '/tmp/tmp87q5_ias']
[2026-09-17T12:30:05.103+0000] {standard_task_runner.py:91} INFO - Job 5: Subtask bronze_ingest
[2026-09-17T12:30:05.212+0000] {task_command.py:426} INFO - Running <TaskInstance: flights_ops_medallion_pipe.bronze_ingest scheduled__2026-09-17T12:00:00+00:00 [running]> on host 0c9bf884f833
[2026-09-17T12:30:05.359+0000] {taskinstance.py:2648} INFO - Exporting env vars: AIRFLOW_CTX_DAG_OWNER='airflow' AIRFLOW_CTX_DAG_ID='flights_ops_medallion_pipe' AIRFLOW_CTX_TASK_ID='bronze_ingest' AIRFLOW_CTX_EXECUTION_DATE='2026-09-17T12:00:00+00:00' AIRFLOW_CTX_TRY_NUMBER='1' AIRFLOW_CTX_DAG_RUN_ID='scheduled__2026-09-17T12:00:00+00:00'
[2026-09-17T12:30:05.361+0000] {taskinstance.py:430} INFO - ::endgroup::
[2026-09-17T12:30:10.501+0000] {taskinstance.py:441} INFO - ::group::Post task execution logs
[2026-09-17T12:30:10.503+0000] {taskinstance.py:2905} ERROR - Task failed with exception
Traceback (most recent call last):
  File "/home/airflow/.local/lib/python3.12/site-packages/airflow/models/taskinstance.py", line 465, in _execute_task
    result = _execute_callable(context=context, **execute_callable_kwargs)
             ^^^^^^^^^^^^^^^^^^^^^^^^^^^^^^^^^^^^^^^^^^^^^^^^^^^^^^^^^^^^^
  File "/home/airflow/.local/lib/python3.12/site-packages/airflow/models/taskinstance.py", line 432, in _execute_callable
    return execute_callable(context=context, **execute_callable_kwargs)
           ^^^^^^^^^^^^^^^^^^^^^^^^^^^^^^^^^^^^^^^^^^^^^^^^^^^^^^^^^^^^
  File "/home/airflow/.local/lib/python3.12/site-packages/airflow/models/baseoperator.py", line 401, in wrapper
    return func(self, *args, **kwargs)
           ^^^^^^^^^^^^^^^^^^^^^^^^^^^
  File "/home/airflow/.local/lib/python3.12/site-packages/airflow/operators/python.py", line 235, in execute
    return_value = self.execute_callable()
                   ^^^^^^^^^^^^^^^^^^^^^^^
  File "/home/airflow/.local/lib/python3.12/site-packages/airflow/operators/python.py", line 252, in execute_callable
    return self.python_callable(*self.op_args, **self.op_kwargs)
           ^^^^^^^^^^^^^^^^^^^^^^^^^^^^^^^^^^^^^^^^^^^^^^^^^^^^^
  File "/opt/airflow/scripts/bronze_ingest.py", line 16, in run_bronze_ingestion
    path = path(f"/opt/airflow/data/bronze/flights_{timestamp}.json")
           ^^^^
UnboundLocalError: cannot access local variable 'path' where it is not associated with a value
[2026-09-17T12:30:10.536+0000] {taskinstance.py:1206} INFO - Marking task as FAILED. dag_id=flights_ops_medallion_pipe, task_id=bronze_ingest, run_id=scheduled__2026-09-17T12:00:00+00:00, execution_date=20260917T120000, start_date=20260917T123005, end_date=20260917T123010
[2026-09-17T12:30:10.561+0000] {standard_task_runner.py:110} ERROR - Failed to execute job 5 for task bronze_ingest (cannot access local variable 'path' where it is not associated with a value; 371)
[2026-09-17T12:30:10.590+0000] {local_task_job_runner.py:243} INFO - Task exited with return code 1
[2026-09-17T12:30:10.618+0000] {taskinstance.py:3503} INFO - 0 downstream tasks scheduled from follow-on schedule check
[2026-09-17T12:30:10.621+0000] {local_task_job_runner.py:222} INFO - ::endgroup::
