[2026-09-17T14:25:49.226+0000] {local_task_job_runner.py:120} INFO - ::group::Pre task execution logs
[2026-09-17T14:25:49.271+0000] {taskinstance.py:2076} INFO - Dependencies all met for dep_context=non-requeueable deps ti=<TaskInstance: flights_ops_medallion_pipe.silver_transform manual__2026-09-17T14:25:34.639650+00:00 [queued]>
[2026-09-17T14:25:49.288+0000] {taskinstance.py:2076} INFO - Dependencies all met for dep_context=requeueable deps ti=<TaskInstance: flights_ops_medallion_pipe.silver_transform manual__2026-09-17T14:25:34.639650+00:00 [queued]>
[2026-09-17T14:25:49.290+0000] {taskinstance.py:2306} INFO - Starting attempt 1 of 1
[2026-09-17T14:25:49.307+0000] {taskinstance.py:2330} INFO - Executing <Task(PythonOperator): silver_transform> on 2026-09-17 14:25:34.639650+00:00
[2026-09-17T14:25:49.330+0000] {logging_mixin.py:188} WARNING - /home/airflow/.local/lib/python3.12/site-packages/airflow/task/task_runner/standard_task_runner.py:62 DeprecationWarning: This process (pid=1090) is multi-threaded, use of fork() may lead to deadlocks in the child.
[2026-09-17T14:25:49.333+0000] {standard_task_runner.py:64} INFO - Started process 1147 to run task
[2026-09-17T14:25:49.329+0000] {standard_task_runner.py:90} INFO - Running: ['airflow', 'tasks', 'run', 'flights_ops_medallion_pipe', 'silver_transform', 'manual__2026-09-17T14:25:34.639650+00:00', '--job-id', '13', '--raw', '--subdir', 'DAGS_FOLDER/flight-pipeline.py', '--cfg-path', '/tmp/tmptoq7ag7c']
[2026-09-17T14:25:49.336+0000] {standard_task_runner.py:91} INFO - Job 13: Subtask silver_transform
[2026-09-17T14:25:49.439+0000] {task_command.py:426} INFO - Running <TaskInstance: flights_ops_medallion_pipe.silver_transform manual__2026-09-17T14:25:34.639650+00:00 [running]> on host 0c9bf884f833
[2026-09-17T14:25:49.591+0000] {taskinstance.py:2648} INFO - Exporting env vars: AIRFLOW_CTX_DAG_OWNER='airflow' AIRFLOW_CTX_DAG_ID='flights_ops_medallion_pipe' AIRFLOW_CTX_TASK_ID='silver_transform' AIRFLOW_CTX_EXECUTION_DATE='2026-09-17T14:25:34.639650+00:00' AIRFLOW_CTX_TRY_NUMBER='1' AIRFLOW_CTX_DAG_RUN_ID='manual__2026-09-17T14:25:34.639650+00:00'
[2026-09-17T14:25:49.594+0000] {taskinstance.py:430} INFO - ::endgroup::
[2026-09-17T14:25:49.774+0000] {taskinstance.py:441} INFO - ::group::Post task execution logs
[2026-09-17T14:25:49.775+0000] {taskinstance.py:2905} ERROR - Task failed with exception
Traceback (most recent call last):
  File "/home/airflow/.local/lib/python3.12/site-packages/airflow/models/taskinstance.py", line 465, in _execute_task
    result = _execute_callable(context=context, **execute_callable_kwargs)
             ^^^^^^^^^^^^^^^^^^^^^^^^^^^^^^^^^^^^^^^^^^^^^^^^^^^^^^^^^^^^^
  File "/home/airflow/.local/lib/python3.12/site-packages/airflow/models/taskinstance.py", line 432, in _execute_callable
    return execute_callable(context=context, **execute_callable_kwargs)
           ^^^^^^^^^^^^^^^^^^^^^^^^^^^^^^^^^^^^^^^^^^^^^^^^^^^^^^^^^^^^
  File "/home/airflow/.local/lib/python3.12/site-packages/airflow/models/baseoperator.py", line 401, in wrapper
    return func(self, *args, **kwargs)
           ^^^^^^^^^^^^^^^^^^^^^^^^^^^
  File "/home/airflow/.local/lib/python3.12/site-packages/airflow/operators/python.py", line 235, in execute
    return_value = self.execute_callable()
                   ^^^^^^^^^^^^^^^^^^^^^^^
  File "/home/airflow/.local/lib/python3.12/site-packages/airflow/operators/python.py", line 252, in execute_callable
    return self.python_callable(*self.op_args, **self.op_kwargs)
           ^^^^^^^^^^^^^^^^^^^^^^^^^^^^^^^^^^^^^^^^^^^^^^^^^^^^^
  File "/opt/airflow/scripts/silver_transform.py", line 22, in run_silver_transform
    df_raw.columns = [
    ^^^^^^^^^^^^^^
  File "/home/airflow/.local/lib/python3.12/site-packages/pandas/core/generic.py", line 6218, in __setattr__
    return object.__setattr__(self, name, value)
           ^^^^^^^^^^^^^^^^^^^^^^^^^^^^^^^^^^^^^
  File "properties.pyx", line 69, in pandas._libs.properties.AxisProperty.__set__
  File "/home/airflow/.local/lib/python3.12/site-packages/pandas/core/generic.py", line 767, in _set_axis
    self._mgr.set_axis(axis, labels)
  File "/home/airflow/.local/lib/python3.12/site-packages/pandas/core/internals/managers.py", line 227, in set_axis
    self._validate_set_axis(axis, new_labels)
  File "/home/airflow/.local/lib/python3.12/site-packages/pandas/core/internals/base.py", line 85, in _validate_set_axis
    raise ValueError(
ValueError: Length mismatch: Expected axis has 17 elements, new values have 18 elements
[2026-09-17T14:25:49.814+0000] {taskinstance.py:1206} INFO - Marking task as FAILED. dag_id=flights_ops_medallion_pipe, task_id=silver_transform, run_id=manual__2026-09-17T14:25:34.639650+00:00, execution_date=20260917T142534, start_date=20260917T142549, end_date=20260917T142549
[2026-09-17T14:25:49.830+0000] {standard_task_runner.py:110} ERROR - Failed to execute job 13 for task silver_transform (Length mismatch: Expected axis has 17 elements, new values have 18 elements; 1147)
[2026-09-17T14:25:49.871+0000] {local_task_job_runner.py:243} INFO - Task exited with return code 1
[2026-09-17T14:25:49.902+0000] {taskinstance.py:3503} INFO - 0 downstream tasks scheduled from follow-on schedule check
[2026-09-17T14:25:49.905+0000] {local_task_job_runner.py:222} INFO - ::endgroup::
